// Vitest Snapshot v1, https://vitest.dev/guide/snapshot.html

exports[`Generated type snapshots > keeps exported type names stable 1`] = `
[
  "components",
  "operations",
  "paths",
  "webhooks",
]
`;

exports[`Generated type snapshots > keeps operation IDs stable 1`] = `
[
  "apply-safety-template",
  "approve-icd10-code",
  "approve-surface",
  "archive-surface",
  "archive-workspace",
  "attach-billing-workspace",
  "bind-channel-phone",
  "book-surface-appointment",
  "check-environment-conversion",
  "clear-phone-number-forwarding",
  "complete-simulation-run",
  "config-to-turn-policy",
  "connector-entities",
  "connector-overview",
  "connector-resources",
  "convert-workspace-environment",
  "create-agent",
  "create-agent-version",
  "create-api-key",
  "create-audit-export",
  "create-billing-customer",
  "create-context_graph",
  "create-context_graph-version",
  "create-data-source",
  "create-enrichment-key",
  "create-function",
  "create-intake-link",
  "create-integration",
  "create-monitor-concept",
  "create-my-workspace",
  "create-operator",
  "create-operator-briefing",
  "create-outbound-call",
  "create-persona",
  "create-phone-number",
  "create-scheduling-rule-set",
  "create-service",
  "create-ses-setup",
  "create-simulation-branch",
  "create-simulation-run",
  "create-simulation-session",
  "create-skill",
  "create-surface",
  "create-test-conversation",
  "create-trigger",
  "create-unification-rule",
  "create-use-case",
  "create-webhook-destination",
  "crm-company-detail",
  "crm-company-search",
  "crm-contact-detail",
  "crm-contact-search",
  "crm-contact-timeline",
  "crm-deal-detail",
  "crm-deal-pipeline",
  "crm-deal-search",
  "crm-status",
  "data-source-status",
  "data-source-sync-history",
  "delete-agent",
  "delete-api-key",
  "delete-context_graph",
  "delete-data-source",
  "delete-enrichment-key",
  "delete-function",
  "delete-integration",
  "delete-monitor-concept",
  "delete-persona",
  "delete-phone-number",
  "delete-scheduling-rule-set",
  "delete-service",
  "delete-ses-setup",
  "delete-simulation-coverage-graph",
  "delete-skill",
  "delete-trigger",
  "delete-unification-rule",
  "delete-use-case",
  "delete-webhook-destination",
  "deliver-surface",
  "deploy-function",
  "detach-billing-workspace",
  "discover-catalog",
  "download-intake-upload",
  "download-recording-file",
  "edit-encounter-soap",
  "emit-metering-event",
  "enroll-voiceprint",
  "entity-stats",
  "escalation-stats",
  "evaluate-metric",
  "execute-tool-test",
  "fhir-appointments-view",
  "fhir-create-resource",
  "fhir-get-resource",
  "fhir-get-resource-history",
  "fhir-import",
  "fhir-import-stream",
  "fhir-locations-view",
  "fhir-organizations-view",
  "fhir-patient-search",
  "fhir-patient-summary",
  "fhir-patient-timeline",
  "fhir-patients-view",
  "fhir-practitioners-view",
  "fhir-search-resources",
  "fhir-slots-view",
  "fhir-status",
  "fhir-sync-failures",
  "fhir-update-resource",
  "finalize-encounter",
  "fire-trigger",
  "gap-scanner-preview",
  "gap-scanner-scan",
  "generate-billing-invoice",
  "get-access-review",
  "get-advanced-call-stats",
  "get-agent",
  "get-agent-analytics",
  "get-agent-version",
  "get-analytics-dashboard",
  "get-audit-summary",
  "get-auth-info",
  "get-behavior-settings",
  "get-billing-config",
  "get-billing-customer",
  "get-billing-dashboard",
  "get-billing-invoice",
  "get-billing-invoice-pdf",
  "get-billing-usage",
  "get-billing-usage-trends",
  "get-branding-settings",
  "get-call-benchmarks",
  "get-call-comparison",
  "get-call-detail",
  "get-call-intelligence",
  "get-call-quality-analytics",
  "get-call-timeline",
  "get-call-trace-analysis",
  "get-call-transcript",
  "get-command-center",
  "get-compliance-dashboard",
  "get-connector-settings",
  "get-context_graph",
  "get-context_graph-version",
  "get-customer-usage",
  "get-data-source",
  "get-demo-pulse-status",
  "get-egress-ips",
  "get-emotion-trends",
  "get-entity",
  "get-entity-access-log",
  "get-entity-dimension-scores",
  "get-entity-duplicates",
  "get-entity-enrichment-history",
  "get-entity-graph",
  "get-entity-lineage",
  "get-entity-memory-facts",
  "get-entity-provenance",
  "get-entity-relationships",
  "get-entity-resolution",
  "get-entity-surface-history",
  "get-entity-timeline",
  "get-environment-settings",
  "get-event-stream",
  "get-form-template",
  "get-function-version",
  "get-gap-scanner-settings",
  "get-hipaa-report",
  "get-intake-link-info",
  "get-integration",
  "get-latency-analytics",
  "get-memory-analytics",
  "get-memory-settings",
  "get-metric-catalog",
  "get-metric-settings",
  "get-metric-trend",
  "get-metric-values",
  "get-monitor-concept",
  "get-operator",
  "get-operator-performance",
  "get-operator-queue",
  "get-outbound-summary",
  "get-outreach-settings",
  "get-persona",
  "get-phi-access-report",
  "get-phone-call-volume",
  "get-phone-number",
  "get-pipeline-status",
  "get-recording-metadata",
  "get-recording-urls",
  "get-retention-policy",
  "get-review-metrics",
  "get-safety-config",
  "get-safety-template",
  "get-safety-trends",
  "get-scheduling-rule-set",
  "get-scribe-settings",
  "get-security-settings",
  "get-sensorium-connector-health",
  "get-sensorium-loop-latency",
  "get-service",
  "get-ses-setup",
  "get-simulation-benchmark-results",
  "get-simulation-coverage-graph",
  "get-simulation-coverage-paths",
  "get-simulation-run",
  "get-simulation-session-turns",
  "get-skill",
  "get-skill-references",
  "get-source-history",
  "get-source-overview",
  "get-surface",
  "get-surface-availability",
  "get-surface-channel-effectiveness",
  "get-surface-completion-rates",
  "get-surface-field-abandonment",
  "get-surface-progress",
  "get-surface-spec",
  "get-test-caller-numbers",
  "get-throughput",
  "get-tool-performance",
  "get-trigger",
  "get-twilio-sub-account",
  "get-unification-rule",
  "get-voice-settings",
  "get-voiceprint-status",
  "get-webhook-destination",
  "get-workflow-settings",
  "get-workspace",
  "heal-surface-field",
  "integration-health-check",
  "invoke-function",
  "list-active-calls-intelligence",
  "list-active-escalations",
  "list-agent-versions",
  "list-agents",
  "list-api-keys",
  "list-audit-events",
  "list-audit-exports",
  "list-audit-log",
  "list-billing-customers",
  "list-billing-invoices",
  "list-call-metric-values",
  "list-call-traces",
  "list-calls",
  "list-context_graph-versions",
  "list-context_graphs",
  "list-customer-invoices",
  "list-data-sources",
  "list-enrichment-keys",
  "list-entities",
  "list-entity-enrichment",
  "list-entity-types",
  "list-escalations",
  "list-event-types",
  "list-form-templates",
  "list-function-versions",
  "list-functions",
  "list-intake-link-uploads",
  "list-intake-links",
  "list-integrations",
  "list-metrics",
  "list-monitor-concepts",
  "list-operators",
  "list-outbound-log",
  "list-personas",
  "list-phone-numbers",
  "list-pipeline-sources",
  "list-prompt-logs",
  "list-safety-templates",
  "list-scheduling-rule-sets",
  "list-services",
  "list-ses-setups",
  "list-simulation-branches",
  "list-simulation-runs",
  "list-simulation-sessions",
  "list-skills",
  "list-source-events",
  "list-surface-review-queue",
  "list-surfaces",
  "list-trigger-runs",
  "list-triggers",
  "list-unification-rules",
  "list-use-cases",
  "list-voice-judge-recent",
  "list-voicemails",
  "list-webhook-destination-deliveries",
  "list-webhook-destinations",
  "list-workspaces",
  "lookup-surface-field",
  "mark-billing-invoice-paid",
  "merged-entities",
  "ocr-surface-extract",
  "operator-access-token",
  "operator-dashboard",
  "operator-join-call",
  "operator-leave-call",
  "operator-performance-summary",
  "operator-send-guidance",
  "operator-switch-mode",
  "operator-wrap-up",
  "outbound-sync-by-sink",
  "patch-enrichment-key",
  "pause-trigger",
  "promote-function",
  "provision-twilio-sub-account",
  "provision-workspace",
  "purchase-phone-number",
  "put-entity-enrichment",
  "query-functions",
  "query-simulation-turns",
  "redirect-to-surface",
  "reject-icd10-code",
  "reject-surface",
  "release-phone-number",
  "render-surface",
  "reshape-surface",
  "resolve-entity",
  "resolve-form-template",
  "resolve-service-tools",
  "resume-trigger",
  "revoke-intake-link",
  "rollback-function",
  "rotate-api-key",
  "rotate-webhook-destination-secret",
  "run-simulation-benchmark",
  "run-simulation-case",
  "save-surface-field",
  "score-simulation-session",
  "search-available-phone-numbers",
  "search-world-entities",
  "send-billing-invoice",
  "send-voicemail",
  "serve-vcard",
  "set-phone-number-forwarding",
  "simulation-bridge",
  "simulation-bridge-plan",
  "simulation-destroy",
  "simulation-fork",
  "simulation-intelligence",
  "simulation-observe",
  "simulation-recommend",
  "simulation-step",
  "source-breakdown",
  "start-demo-pulse",
  "stop-demo-pulse",
  "submit-surface",
  "sync-catalog",
  "test-conversation-step",
  "test-function",
  "test-function-v2",
  "test-integration-connection",
  "test-integration-endpoint",
  "test-skill",
  "text-turn",
  "transcribe-scribe-recording",
  "trigger-data-source-sync",
  "update-agent",
  "update-behavior-settings",
  "update-billing-config",
  "update-billing-customer",
  "update-branding-settings",
  "update-connector-settings",
  "update-context_graph",
  "update-data-source",
  "update-environment-settings",
  "update-form-templates",
  "update-gap-scanner-settings",
  "update-integration",
  "update-memory-settings",
  "update-metric-settings",
  "update-monitor-concept",
  "update-operator",
  "update-outreach-settings",
  "update-persona",
  "update-phone-number",
  "update-retention-policy",
  "update-safety-config",
  "update-scheduling-rule-set",
  "update-scribe-settings",
  "update-security-settings",
  "update-service",
  "update-skill",
  "update-surface",
  "update-test-caller-numbers",
  "update-trigger",
  "update-unification-rule",
  "update-voice-settings",
  "update-webhook-destination",
  "update-workflow-settings",
  "update-workspace",
  "upload-intake-file-via-link",
  "upsert-service-version-set",
  "verify-ses-setup-dns",
  "verify-voiceprint",
  "voice-turn",
  "void-billing-invoice",
  "world-dashboard",
  "world-sync-events",
  "world-sync-queue",
  "world-sync-retry",
  "world-sync-retry-all",
]
`;
